/opt/hostedtoolcache/Python/3.11.15/x64/lib/python3.11/site-packages/samplomatic/__init__.py:20: UserWarning: 
You have imported samplomatic==0.17.1 which is in 
beta development. Please expect breaking changes between 
minor versions and pin your dependencies accordingly.
  _warn_once_per_version(
qiskit_runtime_service._discover_account:WARNING:2026-04-03 13:02:28,240: Loading account with the given token. A saved account will not be used.
Request: {
  "experiment": "fid_interferometer_v3_thick_cop",
  "n_random_bits": 100,
  "n_comparison_per_prediction": 50,
  "preferred_backends": [
    "ibm_kingston",
    "ibm_fez",
    "ibm_marrakesh"
  ],
  "requested_by": "sub-meson-brain-v3",
  "timestamp": "2026-04-03T13:05:00Z",
  "attempt": 3,
  "note": "Larger data pool for Thick COP protocol. 100 random bits for Phase 2, 50 comparison circuits per prediction value for Phase 3. This gives enough data for 50+ independent trials with proper autoregressive coherence within each COP's token stream."
}
Connecting to IBM Quantum...
Available backends: ['ibm_fez', 'ibm_kingston', 'ibm_marrakesh']
Using backend: ibm_kingston
Queue: 0 jobs

Generating 100 quantum random bits...
Job ID: d77rkqak86tc739uhtgg
  Status: QUEUED
  Status: RUNNING
  Status: RUNNING
  Status: RUNNING
  Status: RUNNING
  Status: RUNNING
Got 100 random bits: [0, 1, 0, 1, 1, 0, 1, 0, 1, 0, 0, 0, 1, 1, 0, 1, 0, 1, 0, 1, 1, 1, 0, 0, 0, 0, 1, 1, 0, 1, 0, 1, 1, 1, 1, 0, 1, 0, 1, 1, 1, 1, 0, 0, 1, 0, 1, 0, 1, 0, 0, 0, 0, 0, 1, 1, 1, 0, 0, 1, 0, 0, 1, 0, 0, 1, 0, 0, 1, 1, 1, 1, 1, 0, 1, 1, 0, 0, 1, 1, 0, 1, 0, 1, 1, 0, 1, 0, 1, 0, 1, 0, 0, 1, 1, 1, 1, 0, 0, 1]

Running 50 comparison circuits for prediction=0...
Job ID: d77rkv1q1efs73d1130g
  Status: QUEUED
  Status: RUNNING
  Status: RUNNING
Got 50 comparison results: [1, 1, 1, 1, 1, 1, 1, 0, 1, 1, 1, 1, 0, 0, 1, 0, 1, 1, 0, 1, 1, 1, 1, 0, 0, 1, 0, 1, 0, 0, 0, 1, 0, 1, 1, 1, 1, 0, 1, 1, 0, 0, 1, 1, 0, 0, 1, 0, 1, 1]

Running 50 comparison circuits for prediction=1...
Job ID: d77rl1geecps73d6epr0
  Status: QUEUED
  Status: RUNNING
Got 50 comparison results: [0, 0, 0, 0, 0, 0, 1, 1, 1, 0, 0, 1, 1, 1, 0, 0, 1, 1, 0, 1, 1, 0, 0, 0, 0, 0, 0, 1, 1, 0, 1, 1, 1, 1, 1, 1, 1, 1, 0, 1, 1, 1, 1, 1, 0, 1, 0, 1, 1, 1]

Results written to quantum_results/result.json
{
  "backend": "ibm_kingston",
  "timestamp": "2026-04-03T13:02:33+00:00",
  "random_bits": [
    0,
    1,
    0,
    1,
    1,
    0,
    1,
    0,
    1,
    0,
    0,
    0,
    1,
    1,
    0,
    1,
    0,
    1,
    0,
    1,
    1,
    1,
    0,
    0,
    0,
    0,
    1,
    1,
    0,
    1,
    0,
    1,
    1,
    1,
    1,
    0,
    1,
    0,
    1,
    1,
    1,
    1,
    0,
    0,
    1,
    0,
    1,
    0,
    1,
    0,
    0,
    0,
    0,
    0,
    1,
    1,
    1,
    0,
    0,
    1,
    0,
    0,
    1,
    0,
    0,
    1,
    0,
    0,
    1,
    1,
    1,
    1,
    1,
    0,
    1,
    1,
    0,
    0,
    1,
    1,
    0,
    1,
    0,
    1,
    1,
    0,
    1,
    0,
    1,
    0,
    1,
    0,
    0,
    1,
    1,
    1,
    1,
    0,
    0,
    1
  ],
  "comparison_pred0": [
    1,
    1,
    1,
    1,
    1,
    1,
    1,
    0,
    1,
    1,
    1,
    1,
    0,
    0,
    1,
    0,
    1,
    1,
    0,
    1,
    1,
    1,
    1,
    0,
    0,
    1,
    0,
    1,
    0,
    0,
    0,
    1,
    0,
    1,
    1,
    1,
    1,
    0,
    1,
    1,
    0,
    0,
    1,
    1,
    0,
    0,
    1,
    0,
    1,
    1
  ],
  "comparison_pred1": [
    0,
    0,
    0,
    0,
    0,
    0,
    1,
    1,
    1,
    0,
    0,
    1,
    1,
    1,
    0,
    0,
    1,
    1,
    0,
    1,
    1,
    0,
    0,
    0,
    0,
    0,
    0,
    1,
    1,
    0,
    1,
    1,
    1,
    1,
    1,
    1,
    1,
    1,
    0,
    1,
    1,
    1,
    1,
    1,
    0,
    1,
    0,
    1,
    1,
    1
  ],
  "random_bits_job_id": "d77rkqak86tc739uhtgg",
  "comparison_pred0_job_id": "d77rkv1q1efs73d1130g",
  "comparison_pred1_job_id": "d77rl1geecps73d6epr0"
}
